// Jest Snapshot v1, https://goo.gl/fbAQLP

exports[`checkErrors Requirements should not pass When there are any requirements are invalid value 1`] = `"Please check the requirement."`;

exports[`checkErrors Requirements should not pass When there are any requirements are invalid value 2`] = `"Please check the requirement."`;

exports[`checkErrors Requirements should not pass When there are any requirements are invalid value 3`] = `"Please check the requirement."`;

exports[`checkErrors Requirements should not pass When there are any requirements are invalid value 4`] = `"Please check the requirement."`;

exports[`checkErrors Requirements should not pass When there are any requirements are invalid value 5`] = `"Please check the requirement."`;

exports[`checkErrors Requirements should not pass When there are any requirements are not set yet 1`] = `"Please check the requirement."`;

exports[`checkErrors Requirements should not pass When there are any requirements are not set yet 2`] = `"Please check the requirement."`;

exports[`checkErrors Requirements should not pass When there are any requirements are not set yet 3`] = `"Please check the requirement."`;

exports[`checkErrors Requirements should not pass When there are any requirements are not set yet 4`] = `"Please check the requirement."`;

exports[`checkErrors Requirements should not pass When there are any requirements are not set yet 5`] = `"Please check the requirement."`;
