// Jest Snapshot v1, https://goo.gl/fbAQLP

exports[`mapStoreAddressErrors When newly added required fields are missing in store address, should map them to fallback error messages 1`] = `
[
  "The postcode/zip of store address is required.",
  "The other newly added field of store address is required.",
  "The another newly added field of store address is required.",
]
`;

exports[`mapStoreAddressErrors When required store address fields are missing, should map them to corresponding error messages 1`] = `
[
  "The address line of store address is required.",
  "The city of store address is required.",
  "The country/state of store address is required.",
  "The postcode/zip of store address is required.",
]
`;
