// Jest Snapshot v1, https://jestjs.io/docs/snapshot-testing

exports[`GenAICard Generate assets with GenAI button Match the snapshot 1`] = `
<DocumentFragment>
  <div
    class="components-surface components-card gla-gen-ai-card css-1dj5kxo-PolymorphicDiv-Surface-getBorders-primary-Card-rounded e19lxcc00"
    data-wp-c16t="true"
    data-wp-component="Card"
  >
    <div
      class="css-7epkyb-PolymorphicDiv-Content e19lxcc00"
    >
      <div
        class="components-card__body components-card-body css-1t7v69d-PolymorphicDiv-Body-borderRadius-large e19lxcc00"
        data-wp-c16t="true"
        data-wp-component="CardBody"
      >
        <div
          class="components-flex css-xzsz4s-PolymorphicDiv-Flex-base-ItemsColumn e19lxcc00"
          data-wp-c16t="true"
          data-wp-component="Flex"
        >
          <div
            class="components-flex-item components-flex-block css-v6xuuj-PolymorphicDiv-Item-sx-Base-block e19lxcc00"
            data-wp-c16t="true"
            data-wp-component="FlexBlock"
          >
            <div
              class="components-flex css-1yjrtrt-PolymorphicDiv-Flex-base-ItemsColumn e19lxcc00"
              data-wp-c16t="true"
              data-wp-component="Flex"
            >
              <div>
                <div
                  class="gla-subsection-title gla-section-card-title"
                  direction="column-reverse,row"
                >
                  Review Your AI Suggestions
                </div>
                <div>
                  Google AI analyzed your campaign’s URL to automatically generate your ad assets. Please review the suggested text and images below to ensure they align with your brand.
                </div>
              </div>
              <div
                class="components-notice is-success"
              >
                <div
                  class="components-visually-hidden css-1ragr82-PolymorphicDiv e19lxcc00"
                  data-wp-c16t="true"
                  data-wp-component="VisuallyHidden"
                  style="border: 0px; clip: rect(1px, 1px, 1px, 1px); clip-path: inset( 50% ); height: 1px; margin: -1px; overflow: hidden; padding: 0px; position: absolute; width: 1px; word-wrap: normal;"
                >
                  Notice
                </div>
                <div
                  class="components-notice__content"
                >
                  <div
                    class="components-flex css-hx23qw-PolymorphicDiv-Flex-base-ItemsRow e19lxcc00"
                    data-wp-c16t="true"
                    data-wp-component="Flex"
                  >
                    <div
                      class="components-flex-item css-1ql4hxk-PolymorphicDiv-Item-sx-Base e19lxcc00"
                      data-wp-c16t="true"
                      data-wp-component="FlexItem"
                    >
                      <svg
                        aria-hidden="true"
                        focusable="false"
                        height="24"
                        viewBox="0 0 24 24"
                        width="24"
                        xmlns="http://www.w3.org/2000/svg"
                      >
                        <path
                          d="M16.5 7.5 10 13.9l-2.5-2.4-1 1 3.5 3.6 7.5-7.6z"
                        />
                      </svg>
                    </div>
                    <div
                      class="components-flex-item components-flex-block css-8u4av1-PolymorphicDiv-Item-sx-Base-block e19lxcc00"
                      data-wp-c16t="true"
                      data-wp-component="FlexBlock"
                    >
                      <p>
                        Text assets were auto-populated with Google AI
                      </p>
                    </div>
                  </div>
                  <div
                    class="components-notice__actions"
                  />
                </div>
              </div>
            </div>
          </div>
          <div
            class="components-flex-item css-1ji3a5d-PolymorphicDiv-Item-sx-Base e19lxcc00"
            data-wp-c16t="true"
            data-wp-component="FlexItem"
          >
            <img
              alt="Google's Gen AI illustration"
              decoding="async"
              height="90"
              loading="lazy"
              src="SvgrURL"
              width="92"
            />
          </div>
        </div>
      </div>
    </div>
    <div
      aria-hidden="true"
      class="components-elevation css-d8yggo-PolymorphicDiv-Elevation-sx-Base-sx-Base-elevationClassName e19lxcc00"
      data-wp-c16t="true"
      data-wp-component="Elevation"
    />
    <div
      aria-hidden="true"
      class="components-elevation css-d8yggo-PolymorphicDiv-Elevation-sx-Base-sx-Base-elevationClassName e19lxcc00"
      data-wp-c16t="true"
      data-wp-component="Elevation"
    />
  </div>
</DocumentFragment>
`;
