// Jest Snapshot v1, https://goo.gl/fbAQLP

exports[`validateCampaign When the amount is not a number, should not pass 1`] = `"Please make sure daily average cost is greater than 0."`;

exports[`validateCampaign When the amount is not a number, should not pass 2`] = `"Please make sure daily average cost is greater than 0."`;

exports[`validateCampaign When the amount is not a number, should not pass 3`] = `"Please make sure daily average cost is greater than 0."`;

exports[`validateCampaign When the amount is not a number, should not pass 4`] = `"Please make sure daily average cost is greater than 0."`;

exports[`validateCampaign When the amount is ≤ 0, should not pass 1`] = `"Please make sure daily average cost is greater than 0."`;

exports[`validateCampaign When the amount is ≤ 0, should not pass 2`] = `"Please make sure daily average cost is greater than 0."`;
